[0306/144025.617:WARNING:value_store_frontend.cc(45)] Reading mhjfbmdgcfjbbpaeojofohoefgiehjai.alarms from  failed: IO error: .../MANIFEST-000001: Unable to create sequential file (ChromeMethodBFE: 7::NewSequentialFile::1)
[0306/144025.723:ERROR:backend_impl.cc(1041)] Critical error found -8
[0306/144025.723:ERROR:entry_impl.cc(1075)] No file for c1030002
[0306/144025.723:WARNING:storage_block-inl.h(146)] Failed data load.
[0306/144025.723:WARNING:storage_block-inl.h(146)] Failed data load.
[0306/144025.723:WARNING:storage_block-inl.h(146)] Failed data load.
[0306/144025.723:WARNING:storage_block-inl.h(146)] Failed data load.
[0306/144025.723:ERROR:entry_impl.cc(1075)] No file for c1030004
[0306/144025.723:WARNING:storage_block-inl.h(146)] Failed data load.
[0306/144025.723:WARNING:storage_block-inl.h(146)] Failed data load.
[0306/144025.723:WARNING:storage_block-inl.h(146)] Failed data load.
[0306/144025.723:WARNING:storage_block-inl.h(146)] Failed data load.
[0306/144025.723:ERROR:entry_impl.cc(1075)] No file for c103000c
[0306/144025.724:WARNING:storage_block-inl.h(146)] Failed data load.
[0306/144025.724:WARNING:storage_block-inl.h(146)] Failed data load.
[0306/144025.724:WARNING:storage_block-inl.h(146)] Failed data load.
[0306/144025.724:WARNING:storage_block-inl.h(146)] Failed data load.
[0306/144025.724:ERROR:entry_impl.cc(1075)] No file for c1030006
[0306/144025.724:WARNING:storage_block-inl.h(146)] Failed data load.
[0306/144025.724:WARNING:storage_block-inl.h(146)] Failed data load.
[0306/144025.724:WARNING:storage_block-inl.h(146)] Failed data load.
[0306/144025.724:WARNING:storage_block-inl.h(146)] Failed data load.
[0306/144025.724:ERROR:entry_impl.cc(1075)] No file for c1030014
[0306/144025.724:WARNING:storage_block-inl.h(146)] Failed data load.
[0306/144025.724:WARNING:storage_block-inl.h(146)] Failed data load.
[0306/144025.724:WARNING:storage_block-inl.h(146)] Failed data load.
[0306/144025.724:WARNING:storage_block-inl.h(146)] Failed data load.
[0306/144025.724:ERROR:entry_impl.cc(1075)] No file for c103000e
[0306/144025.724:WARNING:storage_block-inl.h(146)] Failed data load.
[0306/144025.724:WARNING:storage_block-inl.h(146)] Failed data load.
[0306/144025.724:WARNING:storage_block-inl.h(146)] Failed data load.
[0306/144025.724:WARNING:storage_block-inl.h(146)] Failed data load.
[0306/144025.724:ERROR:entry_impl.cc(1075)] No file for c103000a
[0306/144025.724:WARNING:storage_block-inl.h(146)] Failed data load.
[0306/144025.724:WARNING:storage_block-inl.h(146)] Failed data load.
[0306/144025.724:WARNING:storage_block-inl.h(146)] Failed data load.
[0306/144025.724:WARNING:storage_block-inl.h(146)] Failed data load.
[0306/144025.724:ERROR:entry_impl.cc(1075)] No file for c1030048
[0306/144025.724:WARNING:storage_block-inl.h(146)] Failed data load.
[0306/144025.724:WARNING:storage_block-inl.h(146)] Failed data load.
[0306/144025.724:WARNING:storage_block-inl.h(146)] Failed data load.
[0306/144025.724:WARNING:storage_block-inl.h(146)] Failed data load.
[0306/144025.724:ERROR:entry_impl.cc(1075)] No file for c103004e
[0306/144025.724:WARNING:storage_block-inl.h(146)] Failed data load.
[0306/144025.724:WARNING:storage_block-inl.h(146)] Failed data load.
[0306/144025.724:WARNING:storage_block-inl.h(146)] Failed data load.
[0306/144025.724:WARNING:storage_block-inl.h(146)] Failed data load.
[0306/144025.724:ERROR:entry_impl.cc(1075)] No file for c1030050
[0306/144025.724:WARNING:storage_block-inl.h(146)] Failed data load.
[0306/144025.724:WARNING:storage_block-inl.h(146)] Failed data load.
[0306/144025.724:WARNING:storage_block-inl.h(146)] Failed data load.
[0306/144025.724:WARNING:storage_block-inl.h(146)] Failed data load.
[0306/144025.724:ERROR:entry_impl.cc(1075)] No file for c103004c
[0306/144025.724:WARNING:storage_block-inl.h(146)] Failed data load.
[0306/144025.724:WARNING:storage_block-inl.h(146)] Failed data load.
[0306/144025.724:WARNING:storage_block-inl.h(146)] Failed data load.
[0306/144025.724:WARNING:storage_block-inl.h(146)] Failed data load.
[0306/144025.724:ERROR:entry_impl.cc(1075)] No file for c103004a
[0306/144025.724:WARNING:storage_block-inl.h(146)] Failed data load.
[0306/144025.724:WARNING:storage_block-inl.h(146)] Failed data load.
[0306/144025.724:WARNING:storage_block-inl.h(146)] Failed data load.
[0306/144025.724:WARNING:storage_block-inl.h(146)] Failed data load.
[0306/144025.724:ERROR:entry_impl.cc(1075)] No file for c1030052
[0306/144025.724:WARNING:storage_block-inl.h(146)] Failed data load.
[0306/144025.724:WARNING:storage_block-inl.h(146)] Failed data load.
[0306/144025.724:WARNING:storage_block-inl.h(146)] Failed data load.
[0306/144025.724:WARNING:storage_block-inl.h(146)] Failed data load.
[0306/144025.724:WARNING:storage_block-inl.h(146)] Failed data load.
[0306/144025.724:WARNING:storage_block-inl.h(146)] Failed data load.
[0306/144025.724:WARNING:storage_block-inl.h(146)] Failed data load.
[0306/144025.725:WARNING:storage_block-inl.h(146)] Failed data load.
[0306/144025.725:WARNING:storage_block-inl.h(146)] Failed data load.
[0306/144025.725:WARNING:storage_block-inl.h(146)] Failed data load.
[0306/144025.725:WARNING:storage_block-inl.h(146)] Failed data load.
[0306/144025.725:WARNING:storage_block-inl.h(146)] Failed data load.
[0306/144025.725:WARNING:storage_block-inl.h(146)] Failed data load.
[0306/144117.351:WARNING:angle_platform_impl.cc(48)] HLSLCompiler.cpp:257 (compileToBinary): 
C:\fakepath(102,1-6): warning X4000: use of potentially uninitialized variable (dyn_index_vec4_float4)

[0306/144117.475:WARNING:angle_platform_impl.cc(48)] HLSLCompiler.cpp:257 (compileToBinary): 
C:\fakepath(125,1): warning X4000: use of potentially uninitialized variable (f_mainImage)

[0306/144117.537:WARNING:angle_platform_impl.cc(48)] HLSLCompiler.cpp:257 (compileToBinary): 
C:\fakepath(135,1): warning X4000: use of potentially uninitialized variable (f_i)
C:\fakepath(137,1): warning X4000: use of potentially uninitialized variable (f_i)
C:\fakepath(173,1): warning X4000: use of potentially uninitialized variable (f_u)

[0306/144223.512:ERROR:gpu_init.cc(426)] Passthrough is not supported, GL is disabled
[0306/144240.972:WARNING:angle_platform_impl.cc(48)] HLSLCompiler.cpp:257 (compileToBinary): 
C:\fakepath(102,1-6): warning X4000: use of potentially uninitialized variable (dyn_index_vec4_float4)

[0306/144241.078:WARNING:angle_platform_impl.cc(48)] HLSLCompiler.cpp:257 (compileToBinary): 
C:\fakepath(125,1): warning X4000: use of potentially uninitialized variable (f_mainImage)

[0306/144241.137:WARNING:angle_platform_impl.cc(48)] HLSLCompiler.cpp:257 (compileToBinary): 
C:\fakepath(135,1): warning X4000: use of potentially uninitialized variable (f_i)
C:\fakepath(137,1): warning X4000: use of potentially uninitialized variable (f_i)
C:\fakepath(173,1): warning X4000: use of potentially uninitialized variable (f_u)

[0306/144249.457:ERROR:shared_image_manager.cc(214)] SharedImageManager::ProduceSkia: Trying to Produce a Skia representation from a non-existent mailbox.
