Log file open, 03/06/25 18:42:43
LogTrace: Initializing trace...
LogTrace: Finished trace initialization.
LogInit: Session CrashGUID >====================================================
         Session CrashGUID >   UECC-Windows-EBE38F1745B17AFEE29127ADB7DFA5B5
         Session CrashGUID >====================================================
LogConfig: No local boot hotfix file found at: [C:/Users/david/Documents/GitHub/saint-grail/Saved/PersistentDownloadDir/HotfixForNextBoot.txt]
LogPluginManager: Mounting Engine plugin PlatformCrypto
LogInit: ExecutableName: UnrealPak.exe
LogInit: Build: ++UE5+Release-5.5-CL-39772772
LogInit: Platform=WindowsEditor
LogInit: MachineId=b480437c418e45ce8529ee88dcd20a2d
LogInit: DeviceId=
LogInit: Engine Version: 5.5.3-39772772+++UE5+Release-5.5
LogInit: Compatible Engine Version: 5.5.0-37670630+++UE5+Release-5.5
LogInit: Net CL: 37670630
LogInit: OS: Windows 11 (23H2) [10.0.22631.4890] (), CPU: AMD Ryzen 7 5700X 8-Core Processor             , GPU: NVIDIA GeForce RTX 3060 Ti
LogInit: Compiled (64-bit): Feb  5 2025 22:49:28
LogInit: Architecture: x64
LogInit: Compiled with Visual C++: 19.38.33130.00
LogInit: Build Configuration: Development
LogInit: Branch Name: ++UE5+Release-5.5
LogInit: Command Line: -CreateGlobalContainer=C:\Users\david\Documents\GitHub\saint-grail\Saved\StagedBuilds\Windows\SaintGrial\Content\Paks\global.utoc -PackageStoreManifest=C:\Users\david\Documents\GitHub\saint-grail\Saved\Cooked\Windows\SaintGrial\Metadata\packagestore.manifest -CookedDirectory=C:\Users\david\Documents\GitHub\saint-grail\Saved\Cooked\Windows -Commands="C:\Users\david\AppData\Roaming\Unreal Engine\AutomationTool\Logs\E+UE_5.5\IoStoreCommands.txt" -ScriptObjects=C:\Users\david\Documents\GitHub\saint-grail\Saved\Cooked\Windows\SaintGrial\Metadata\scriptobjects.bin -patchpaddingalign=2048 -compressionformats=Oodle -compresslevel=4 -compressmethod=Kraken -cryptokeys=C:\Users\david\Documents\GitHub\saint-grail\Saved\Cooked\Windows\SaintGrial\Metadata\Crypto.json -compressionMinBytesSaved=1024 -compressionMinPercentSaved=5 -WriteBackMetadataToAssetRegistry=Disabled -nopak
LogInit: Base Directory: E:/UE_5.5/Engine/Binaries/Win64/
LogInit: Allocator: Mimalloc
LogInit: Installed Engine Build: 1
LogInit: This binary is optimized with LTO: no, PGO: no, instrumented for PGO data collection: no
LogDevObjectVersion: Number of dev versions registered: 35
LogDevObjectVersion:   Dev-Blueprints (B0D832E4-1F89-4F0D-ACCF-7EB736FD4AA2): 10
LogDevObjectVersion:   Dev-Build (E1C64328-A22C-4D53-A36C-8E866417BD8C): 0
LogDevObjectVersion:   Dev-Core (375EC13C-06E4-48FB-B500-84F0262A717E): 4
LogDevObjectVersion:   Dev-Editor (E4B068ED-F494-42E9-A231-DA0B2E46BB41): 40
LogDevObjectVersion:   Dev-Framework (CFFC743F-43B0-4480-9391-14DF171D2073): 37
LogDevObjectVersion:   Dev-Mobile (B02B49B5-BB20-44E9-A304-32B752E40360): 3
LogDevObjectVersion:   Dev-Networking (A4E4105C-59A1-49B5-A7C5-40C4547EDFEE): 0
LogDevObjectVersion:   Dev-Online (39C831C9-5AE6-47DC-9A44-9C173E1C8E7C): 0
LogDevObjectVersion:   Dev-Physics (78F01B33-EBEA-4F98-B9B4-84EACCB95AA2): 20
LogDevObjectVersion:   Dev-Platform (6631380F-2D4D-43E0-8009-CF276956A95A): 0
LogDevObjectVersion:   Dev-Rendering (12F88B9F-8875-4AFC-A67C-D90C383ABD29): 49
LogDevObjectVersion:   Dev-Sequencer (7B5AE74C-D270-4C10-A958-57980B212A5A): 13
LogDevObjectVersion:   Dev-VR (D7296918-1DD6-4BDD-9DE2-64A83CC13884): 3
LogDevObjectVersion:   Dev-LoadTimes (C2A15278-BFE7-4AFE-6C17-90FF531DF755): 1
LogDevObjectVersion:   Private-Geometry (6EACA3D4-40EC-4CC1-B786-8BED09428FC5): 3
LogDevObjectVersion:   Dev-AnimPhys (29E575DD-E0A3-4627-9D10-D276232CDCEA): 17
LogDevObjectVersion:   Dev-Anim (AF43A65D-7FD3-4947-9873-3E8ED9C1BB05): 15
LogDevObjectVersion:   Dev-ReflectionCapture (6B266CEC-1EC7-4B8F-A30B-E4D90942FC07): 1
LogDevObjectVersion:   Dev-Automation (0DF73D61-A23F-47EA-B727-89E90C41499A): 1
LogDevObjectVersion:   FortniteMain (601D1886-AC64-4F84-AA16-D3DE0DEAC7D6): 170
LogDevObjectVersion:   FortniteValkyrie (8DBC2C5B-54A7-43E0-A768-FCBB7DA29060): 8
LogDevObjectVersion:   FortniteSeason (5B4C06B7-2463-4AF8-805B-BF70CDF5D0DD): 13
LogDevObjectVersion:   FortniteRelease (E7086368-6B23-4C58-8439-1B7016265E91): 15
LogDevObjectVersion:   Dev-Enterprise (9DFFBCD6-494F-0158-E221-12823C92A888): 10
LogDevObjectVersion:   Dev-Niagara (F2AED0AC-9AFE-416F-8664-AA7FFA26D6FC): 1
LogDevObjectVersion:   Dev-Destruction (174F1F0B-B4C6-45A5-B13F-2EE8D0FB917D): 10
LogDevObjectVersion:   Dev-Physics-Ext (35F94A83-E258-406C-A318-09F59610247C): 41
LogDevObjectVersion:   Dev-PhysicsMaterial-Chaos (B68FC16E-8B1B-42E2-B453-215C058844FE): 1
LogDevObjectVersion:   Dev-CineCamera (B2E18506-4273-CFC2-A54E-F4BB758BBA07): 1
LogDevObjectVersion:   Dev-VirtualProduction (64F58936-FD1B-42BA-BA96-7289D5D0FA4E): 1
LogDevObjectVersion:   UE5-Main (697DD581-E64F-41AB-AA4A-51ECBEB7B628): 119
LogDevObjectVersion:   UE5-Release (D89B5E42-24BD-4D46-8412-ACA8DF641779): 51
LogDevObjectVersion:   UE5-PrivateFrosty (59DA5D52-1232-4948-B878-597870B8E98B): 8
LogDevObjectVersion:   Dev-MediaFramework (6F0ED827-A609-4895-9C91-998D90180EA4): 2
LogDevObjectVersion:   Dev-NaniteResearch (30D58BE3-95EA-4282-A6E3-B159D8EBB06A): 1
LogConfig: Branch 'PlatformCrypto' had been unloaded. Reloading on-demand took 0.17ms
LogInit: Presizing for max 100000 objects, including 0 objects not considered by GC.
LogInit: Object subsystem initialized
LogConfig: Applying CVar settings from Section [Startup] File [../../../Engine/Config/ConsoleVariables.ini]
LogConfig: CVar [[r.DumpShaderDebugInfo:2]] deferred - dummy variable created
LogConfig: CVar [[p.chaos.AllowCreatePhysxBodies:1]] deferred - dummy variable created
LogConfig: CVar [[fx.SkipVectorVMBackendOptimizations:1]] deferred - dummy variable created
LogConfig: CVar [[ds.CADTranslator.Meshing.ActivateThinZoneMeshing:0]] deferred - dummy variable created
LogConfig: CVar [[ds.CADTranslator.Stitching.RemoveThinFaces:0]] deferred - dummy variable created
LogConfig: Applying CVar settings from Section [Startup_Windows] File [../../../Engine/Config/ConsoleVariables.ini]
LogConfig: Applying CVar settings from Section [ConsoleVariables] File [Engine]
[2025.03.06-23.42.43:304][  0]LogConfig: Set CVar [[memory.MemoryPressureCriticalThresholdMB:512]]
[2025.03.06-23.42.43:304][  0]LogInit: Computer: DESKTOP-71H5PG1
[2025.03.06-23.42.43:304][  0]LogInit: User: david
[2025.03.06-23.42.43:304][  0]LogInit: CPU Page size=4096, Cores=8
[2025.03.06-23.42.43:304][  0]LogInit: High frequency timer resolution =10.000000 MHz
[2025.03.06-23.42.43:499][  0]LogMemory: Process is running as part of a Windows Job with separate resource limits
[2025.03.06-23.42.43:499][  0]LogMemory: Memory total: Physical=15.9GB (16GB approx) Virtual=31.9GB
[2025.03.06-23.42.43:499][  0]LogMemory: Platform Memory Stats for WindowsEditor
[2025.03.06-23.42.43:499][  0]LogMemory: Process Physical Memory: 58.30 MB used, 58.87 MB peak
[2025.03.06-23.42.43:499][  0]LogMemory: Process Virtual Memory: 123.41 MB used, 123.41 MB peak
[2025.03.06-23.42.43:499][  0]LogMemory: Physical Memory: 10280.19 MB used,  6028.72 MB free, 16308.91 MB total
[2025.03.06-23.42.43:499][  0]LogMemory: Virtual Memory: 20018.21 MB used,  12674.71 MB free, 32692.91 MB total
[2025.03.06-23.42.43:503][  0]LogAssetRegistry: FAssetRegistry took 0.0001 seconds to start up
[2025.03.06-23.42.43:503][  0]LogUObjectArray: 438 objects as part of root set at end of initial load.
[2025.03.06-23.42.43:503][  0]LogUObjectArray: CloseDisregardForGC: 0/0 objects in disregard for GC pool
[2025.03.06-23.42.43:503][  0]LogInit: Using OS detected language ().
[2025.03.06-23.42.43:503][  0]LogInit: Using OS detected locale ().
[2025.03.06-23.42.43:505][  0]LogTextLocalizationManager: No localization for '' exists, so 'en' will be used for the language.
[2025.03.06-23.42.43:505][  0]LogTextLocalizationManager: No localization for '' exists, so 'en' will be used for the locale.
[2025.03.06-23.42.43:505][  0]LogInit: Using OS detected language ().
[2025.03.06-23.42.43:505][  0]LogInit: Using OS detected locale ().
[2025.03.06-23.42.43:505][  0]LogTextLocalizationManager: No localization for '' exists, so 'en' will be used for the language.
[2025.03.06-23.42.43:505][  0]LogTextLocalizationManager: No localization for '' exists, so 'en' will be used for the locale.
[2025.03.06-23.42.43:505][  0]LogPakFile: Display: ProjectDir: C:/Users/david/Documents/GitHub/saint-grail/
[2025.03.06-23.42.43:506][  0]LogIoStore: Display: ==================== IoStore Utils ====================
[2025.03.06-23.42.43:509][  0]LogIoStore: Display: Parsing crypto keys from a crypto key cache file 'C:\Users\david\Documents\GitHub\saint-grail\Saved\Cooked\Windows\SaintGrial\Metadata\Crypto.json'
[2025.03.06-23.42.43:512][  0]LogIoStore: Display: Container signing - DISABLED
[2025.03.06-23.42.43:512][  0]LogIoStore: Display: Directory index - ENABLED
[2025.03.06-23.42.43:512][  0]LogIoStore: Display: Using compression format 'Oodle'
[2025.03.06-23.42.43:512][  0]LogIoStore: Display: Using memory mapping alignment '16384'
[2025.03.06-23.42.43:512][  0]LogIoStore: Display: Using compression block size '65536'
[2025.03.06-23.42.43:512][  0]LogIoStore: Display: Using compression block alignment '2048'
[2025.03.06-23.42.43:512][  0]LogIoStore: Display: Using compression min bytes saved '1024'
[2025.03.06-23.42.43:512][  0]LogIoStore: Display: Using compression min percent saved '5'
[2025.03.06-23.42.43:512][  0]LogIoStore: Display: Using max partition size '0'
[2025.03.06-23.42.43:512][  0]LogIoStore: Display: Not using DDC for compression
[2025.03.06-23.42.43:512][  0]LogIoStore: Display: Using command list file: 'C:\Users\david\AppData\Roaming\Unreal Engine\AutomationTool\Logs\E+UE_5.5\IoStoreCommands.txt'
[2025.03.06-23.42.43:518][  0]LogIoStore: Display: Selected Oodle level 4 (Normal) from command line for shaders
[2025.03.06-23.42.43:519][  0]LogIoStore: Display: Fetched 1295 oplog items from Manifest in 0.00 seconds
[2025.03.06-23.42.43:525][  0]LogIoStore: Display: Parsed 1295 oplog items 0.01 seconds, 1811 chunks
[2025.03.06-23.42.43:529][  0]LogIoStore: Display: Using input asset registry: C:/Users/david/Documents/GitHub/saint-grail/Saved/Cooked/Windows/SaintGrial/Metadata/DevelopmentAssetRegistry.bin
[2025.03.06-23.42.43:542][  0]LogIoStore: Display: Loaded 541 chunk hashes from AssetRegistry in 0.02 seconds, 541 hashes updated in 0.00 seconds
[2025.03.06-23.42.43:545][  0]LogIoStore: Display: Searching for cooked assets in folder 'C:\Users\david\Documents\GitHub\saint-grail\Saved\Cooked\Windows'
[2025.03.06-23.42.43:570][  0]LogIoStore: Display: Found '3089' files
[2025.03.06-23.42.43:583][  0]LogIoStore: Display: Creating container targets...
[2025.03.06-23.42.43:589][  0]OodleDataCompression: Display: Oodle v2.9.12 format for pak/iostore with method=Kraken, level=4=Normal
[2025.03.06-23.42.43:627][  0]LogIoStore: Display: Parsing packages...
[2025.03.06-23.42.43:627][  0]LogIoStore: Display: Reading package assets...
[2025.03.06-23.42.43:655][  0]LogIoStore: Display: Reading 1000/1270: 'C:/Users/david/Documents/GitHub/saint-grail/Saved/Cooked/Windows/Engine/Content/Functions/Engine_MaterialFunctions01/ImageAdjustment/CheapContrast.uasset'
[2025.03.06-23.42.43:663][  0]LogIoStore: Display: Packages read 1,270 files in 0.04 seconds, 3,129,427 total bytes, 88,173,985 bytes per second
[2025.03.06-23.42.43:674][  0]LogIoStore: Display: Processing shader libraries, compressing with Oodle Mermaid, level 4 (Normal)
[2025.03.06-23.42.43:691][  0]LogShaderLibrary: Display: Created IoStoreShaderArchive header: shaders grouped in 360 groups (135 of them didn't need new indices), average uncompressed size 155786 bytes, min 249 bytes, max 1047981 bytes (r.ShaderCodeLibrary.MaxShaderGroupSize=1048576)
[2025.03.06-23.42.43:787][  0]LogIoStore: Display: Global-PCD3D_SM5(PCD3D_SM5): Recompressed 3915 shaders as 360 groups. Library size changed from 12618 KB (4.34 : 1 ratio) to 5557 KB (9.86 : 1 ratio), 44.04% of previous.
[2025.03.06-23.42.43:855][  0]LogShaderLibrary: Display: Created IoStoreShaderArchive header: shaders grouped in 542 groups (183 of them didn't need new indices), average uncompressed size 211295 bytes, min 1249 bytes, max 1045875 bytes (r.ShaderCodeLibrary.MaxShaderGroupSize=1048576)
[2025.03.06-23.42.44:524][  0]LogIoStore: Display: Global-PCD3D_SM6(PCD3D_SM6): Recompressed 7584 shaders as 542 groups. Library size changed from 85599 KB (1.31 : 1 ratio) to 48193 KB (2.32 : 1 ratio), 56.30% of previous.
[2025.03.06-23.42.44:531][  0]LogShaderLibrary: Display: Created IoStoreShaderArchive header: shaders grouped in 260 groups (104 of them didn't need new indices), average uncompressed size 53712 bytes, min 325 bytes, max 965040 bytes (r.ShaderCodeLibrary.MaxShaderGroupSize=1048576)
[2025.03.06-23.42.44:555][  0]LogIoStore: Display: SaintGrial-PCD3D_SM5(PCD3D_SM5): Recompressed 1251 shaders as 260 groups. Library size changed from 3801 KB (3.59 : 1 ratio) to 1833 KB (7.44 : 1 ratio), 48.22% of previous.
[2025.03.06-23.42.44:564][  0]LogShaderLibrary: Display: Created IoStoreShaderArchive header: shaders grouped in 288 groups (58 of them didn't need new indices), average uncompressed size 107364 bytes, min 2342 bytes, max 900922 bytes (r.ShaderCodeLibrary.MaxShaderGroupSize=1048576)
[2025.03.06-23.42.44:695][  0]LogIoStore: Display: SaintGrial-PCD3D_SM6(PCD3D_SM6): Recompressed 2491 shaders as 288 groups. Library size changed from 23096 KB (1.31 : 1 ratio) to 15639 KB (1.93 : 1 ratio), 67.71% of previous.
[2025.03.06-23.42.44:698][  0]LogIoStore: Display: Shaders processed in 1.02 seconds
[2025.03.06-23.42.44:698][  0]LogIoStore: Display: Initialized WriteRequestManager with MaxConcurrentSourceReads=8 (16 cores), MaxSourceBufferMemory=3072MiB
[2025.03.06-23.42.44:701][  0]LogIoStore: Display: Processing redirects...
[2025.03.06-23.42.44:701][  0]LogIoStore: Display: Creating disk layout...
[2025.03.06-23.42.44:703][  0]LogIoStore: Display: Ordered 1270 packages using fallback bundle order
[2025.03.06-23.42.44:718][  0]LogIoStore: Display: Serializing container(s)...
[2025.03.06-23.42.46:758][  0]LogIoStore: Display: Writing chunks 2882/3265... [1429 compressed] [3162 compression tasks] [Physical: 1889 MiB, Virtual: 4493 MiB]
[2025.03.06-23.42.48:498][  0]LogIoStore: Display: Writing and compressing took 3.52 seconds, writes to disk took 0.76 seconds for 900,290,128 bytes @ 1,189,108,853 bytes per second.
[2025.03.06-23.42.48:498][  0]LogIoStore: Display: global: Found perfect hashmap for 1 items.
[2025.03.06-23.42.48:498][  0]LogIoStore: Display: SaintGrial-Windows: Found perfect hashmap for 3264 items.
[2025.03.06-23.42.48:511][  0]LogIoStore: Display: Finalize took 0.0 seconds for 2 writers to write 570,528 bytes, 44,584,342 bytes per second
[2025.03.06-23.42.48:511][  0]LogIoStore: Display: Writing tocs... [Physical: 1726 MiB, Virtual: 3887 MiB]
[2025.03.06-23.42.48:511][  0]LogIoStore: Display: 541 / 3,265 hashes were loaded from the hash database, by type:
[2025.03.06-23.42.48:511][  0]LogIoStore: Display:     BulkData                   541
[2025.03.06-23.42.48:511][  0]LogIoStore: Display: 1,811 / 3,265 chunks attempted to compress, by type:
[2025.03.06-23.42.48:511][  0]LogIoStore: Display:     ExportBundleData           1,270 / 1,270
[2025.03.06-23.42.48:512][  0]LogIoStore: Display:     BulkData                   541 / 541
[2025.03.06-23.42.48:512][  0]LogIoStore: Display:     ScriptObjects              0 / 1
[2025.03.06-23.42.48:512][  0]LogIoStore: Display:     ContainerHeader            0 / 1
[2025.03.06-23.42.48:512][  0]LogIoStore: Display:     ShaderCodeLibrary          0 / 4
[2025.03.06-23.42.48:512][  0]LogIoStore: Display:     ShaderCode                 0 / 1,448
[2025.03.06-23.42.48:512][  0]LogIoStore: Display: Source bytes read:
[2025.03.06-23.42.48:512][  0]LogIoStore: Display:     Zen:                                  0
[2025.03.06-23.42.48:512][  0]LogIoStore: Display:     Loose File:               1,936,059,706
[2025.03.06-23.42.48:512][  0]LogIoStore: Display:         ExportBundleData        763,128,150 bytes over 2,540 reads
[2025.03.06-23.42.48:512][  0]LogIoStore: Display:         BulkData               1,172,931,556 bytes over 541 reads
[2025.03.06-23.42.48:512][  0]LogIoStore: Display:     Memory:                     147,116,264
[2025.03.06-23.42.48:512][  0]LogIoStore: Display:         ShaderCodeLibrary         1,256,968 bytes over 8 reads
[2025.03.06-23.42.48:512][  0]LogIoStore: Display:         ShaderCode              145,859,296 bytes over 2,896 reads
[2025.03.06-23.42.48:512][  0]LogIoStore: Display: Calculating stats...
[2025.03.06-23.42.48:512][  0]LogIoStore: Display: 
[2025.03.06-23.42.48:512][  0]LogIoStore: Display: Container Summary
[2025.03.06-23.42.48:512][  0]LogIoStore: Display: ==================
[2025.03.06-23.42.48:512][  0]LogIoStore: Display: 
[2025.03.06-23.42.48:512][  0]LogIoStore: Display: Container                                               Flags      Chunk(s) #       TOC (KiB)       Raw Size (MiB)           Size (MiB)
[2025.03.06-23.42.48:512][  0]LogIoStore: Display: ----------------------------------------------------------------------------------------------------------------------------------------------
[2025.03.06-23.42.48:512][  0]LogIoStore: Display: global                                              -/-/-/-/-               1            0.62                 2.30                 2.30 -
[2025.03.06-23.42.48:512][  0]LogIoStore: Display: SaintGrial-Windows                                  C/-/-/I/-            3264          556.53              1557.34               856.28 (45.02% Oodle)
[2025.03.06-23.42.48:512][  0]LogIoStore: Display: ----------------------------------------------------------------------------------------------------------------------------------------------
[2025.03.06-23.42.48:512][  0]LogIoStore: Display: Total                                                                    3265          557.16              1559.64               858.58
[2025.03.06-23.42.48:512][  0]LogIoStore: Display: 
[2025.03.06-23.42.48:512][  0]LogIoStore: Display: ** Flags: (C)ompressed / (E)ncrypted / (S)igned) / (I)ndexed) / (O)nDemand **
[2025.03.06-23.42.48:512][  0]LogIoStore: Display: 
[2025.03.06-23.42.48:512][  0]LogIoStore: Display: Compression block padding:     2.44 MiB
[2025.03.06-23.42.48:512][  0]LogIoStore: Display: 
[2025.03.06-23.42.48:512][  0]LogIoStore: Display: Container Directory Index
[2025.03.06-23.42.48:512][  0]LogIoStore: Display: ==========================
[2025.03.06-23.42.48:512][  0]LogIoStore: Display: 
[2025.03.06-23.42.48:512][  0]LogIoStore: Display: Container                                          Size (KiB)
[2025.03.06-23.42.48:512][  0]LogIoStore: Display: ----------------------------------------------------------------------------------------------------------------------------------------------
[2025.03.06-23.42.48:512][  0]LogIoStore: Display: global                                                   0.00
[2025.03.06-23.42.48:512][  0]LogIoStore: Display: SaintGrial-Windows                                      82.13
[2025.03.06-23.42.48:512][  0]LogIoStore: Display: 
[2025.03.06-23.42.48:512][  0]LogIoStore: Display: Container Patch Report
[2025.03.06-23.42.48:512][  0]LogIoStore: Display: ========================
[2025.03.06-23.42.48:513][  0]LogIoStore: Display: 
[2025.03.06-23.42.48:513][  0]LogIoStore: Display: Container                                             Total #       Modified #          Added #   Modified (MiB)      Added (MiB)
[2025.03.06-23.42.48:513][  0]LogIoStore: Display: ----------------------------------------------------------------------------------------------------------------------------------------------
[2025.03.06-23.42.48:513][  0]LogIoStore: Display: global                                                      1                0                0             0.00             0.00
[2025.03.06-23.42.48:513][  0]LogIoStore: Display: SaintGrial-Windows                                       3264                0             3264             0.00           853.84
[2025.03.06-23.42.48:513][  0]LogIoStore: Display: 
[2025.03.06-23.42.48:513][  0]LogIoStore: Display: PackageStore
[2025.03.06-23.42.48:513][  0]LogIoStore: Display: =============
[2025.03.06-23.42.48:513][  0]LogIoStore: Display: 
[2025.03.06-23.42.48:513][  0]LogIoStore: Display: Container                                          Size (KiB)      Packages #     Localized #
[2025.03.06-23.42.48:513][  0]LogIoStore: Display: ----------------------------------------------------------------------------------------------------------------------------------------------
[2025.03.06-23.42.48:513][  0]LogIoStore: Display: SaintGrial-Windows                                         42            1270               0
[2025.03.06-23.42.48:513][  0]LogIoStore: Display: ----------------------------------------------------------------------------------------------------------------------------------------------
[2025.03.06-23.42.48:513][  0]LogIoStore: Display: Total                                                      42            1270               0
[2025.03.06-23.42.48:513][  0]LogIoStore: Display: 
[2025.03.06-23.42.48:513][  0]LogIoStore: Display: 
[2025.03.06-23.42.48:513][  0]LogIoStore: Display: Input:      1270 Packages
[2025.03.06-23.42.48:513][  0]LogIoStore: Display: Input:      0.36 GB UExp
[2025.03.06-23.42.48:513][  0]LogIoStore: Display: Input:      0.00 GB UAsset
[2025.03.06-23.42.48:513][  0]LogIoStore: Display: Input:      1.09 GB UBulk
[2025.03.06-23.42.48:513][  0]LogIoStore: Display: Input:     52.49 MB for 902 Global shaders
[2025.03.06-23.42.48:513][  0]LogIoStore: Display: Input:      4.45 MB for 198 Shared shaders
[2025.03.06-23.42.48:513][  0]LogIoStore: Display: Input:      0.00 MB for 0 Unique shaders
[2025.03.06-23.42.48:513][  0]LogIoStore: Display: Input:     12.61 MB for 348 Inline shaders
[2025.03.06-23.42.48:513][  0]LogIoStore: Display: 
[2025.03.06-23.42.48:513][  0]LogIoStore: Display: Output:    27558 Name map entries
[2025.03.06-23.42.48:513][  0]LogIoStore: Display: Output:     1774 Imported package entries
[2025.03.06-23.42.48:513][  0]LogIoStore: Display: Output:      673 Packages without imports
[2025.03.06-23.42.48:513][  0]LogIoStore: Display: Output:        0 Public runtime script objects
[2025.03.06-23.42.48:513][  0]LogIoStore: Display: Output:     0.00 GB HeaderData
[2025.03.06-23.42.48:513][  0]LogIoStore: Display: Output:     2.30 MB InitialLoadData
[2025.03.06-23.42.48:513][  0]LogIoStore: Display: 
[2025.03.06-23.42.48:526][  0]LogPakFile: Display: UnrealPak executed in 5.021670 seconds
[2025.03.06-23.42.48:538][  0]LogCore: Engine exit requested (reason: UnrealPak Exiting)
[2025.03.06-23.42.48:538][  0]LogExit: Preparing to exit.
[2025.03.06-23.42.48:540][  0]LogExit: Object subsystem successfully closed.
[2025.03.06-23.42.48:541][  0]LogPakFile: Destroying PakPlatformFile
[2025.03.06-23.42.48:542][  0]LogExit: Exiting.
[2025.03.06-23.42.48:559][  0]Log file closed, 03/06/25 18:42:48
